// Jest Snapshot v1, https://goo.gl/fbAQLP

exports[`NavMenu component Matches the snapshot 1`] = `ShallowWrapper {}`;
